namespace NServiceBus
{
    public class ServicePlatformConnectionConfiguration
    {
        public ServicePlatformConnectionConfiguration() { }
        public NServiceBus.ServicePlatformCustomChecksConfiguration CustomChecks { get; set; }
        public string ErrorQueue { get; set; }
        public NServiceBus.ServicePlatformHeartbeatConfiguration Heartbeats { get; set; }
        public NServiceBus.ServicePlatformMessageAuditConfiguration MessageAudit { get; set; }
        public NServiceBus.ServicePlatformMetricsConfiguration Metrics { get; set; }
        public NServiceBus.ServicePlatformSagaAuditConfiguration SagaAudit { get; set; }
        public static NServiceBus.ServicePlatformConnectionConfiguration Parse(string jsonConfiguration) { }
    }
    public static class ServicePlatformConnectionExtensions
    {
        public static void ConnectToServicePlatform(this NServiceBus.EndpointConfiguration endpointConfiguration, NServiceBus.ServicePlatformConnectionConfiguration servicePlatformConnectionConfiguration) { }
    }
    public class ServicePlatformCustomChecksConfiguration
    {
        public ServicePlatformCustomChecksConfiguration() { }
        public string CustomChecksQueue { get; set; }
        public bool Enabled { get; set; }
        public System.TimeSpan? TimeToLive { get; set; }
    }
    public class ServicePlatformHeartbeatConfiguration
    {
        public ServicePlatformHeartbeatConfiguration() { }
        public bool Enabled { get; set; }
        public System.TimeSpan? Frequency { get; set; }
        public string HeartbeatsQueue { get; set; }
        public System.TimeSpan? TimeToLive { get; set; }
    }
    public class ServicePlatformMessageAuditConfiguration
    {
        public ServicePlatformMessageAuditConfiguration() { }
        public string AuditQueue { get; set; }
        public bool Enabled { get; set; }
    }
    public class ServicePlatformMetricsConfiguration
    {
        public ServicePlatformMetricsConfiguration() { }
        public bool Enabled { get; set; }
        public string InstanceId { get; set; }
        public System.TimeSpan Interval { get; set; }
        public string MetricsQueue { get; set; }
        [System.Obsolete("Use `TimeToLive` instead. Will be treated as an error from version 4.0.0. Will be" +
            " removed in version 5.0.0.", false)]
        [System.Text.Json.Serialization.JsonIgnore]
        public System.TimeSpan? TimeToBeReceived { get; set; }
        public System.TimeSpan? TimeToLive { get; set; }
    }
    public class ServicePlatformSagaAuditConfiguration
    {
        public ServicePlatformSagaAuditConfiguration() { }
        public System.Func<object, System.Collections.Generic.Dictionary<string, string>> CustomSagaEntitySerialization { get; set; }
        public bool Enabled { get; set; }
        public string SagaAuditQueue { get; set; }
    }
}