[
  "errorQueue",
  "NServiceBus.AuditConfigReader+Result",
  "NServiceBus.CustomChecks.CustomChecksFeature",
  "NServiceBus.CustomChecks.Queue",
  "NServiceBus.Features.SagaAuditFeature",
  "NServiceBus.Heartbeat.HeartbeatsFeature",
  "NServiceBus.Heartbeat.Queue",
  "NServiceBus.MetricsOptions",
  "NServiceBus.SagaAudit.Queue"
]